// Vitest Snapshot v1, https://vitest.dev/guide/snapshot.html

exports[`Button > renders 1`] = `
{
  "alpha": 1,
  "children": Children [
    {
      "alpha": 1,
      "color": "#F8F7FAFF",
      "fontSize": 25,
      "pivot": 0.5,
      "pivotX": 0.5,
      "pivotY": 0.5,
      "scale": 1,
      "text": "Hello",
    },
  ],
  "color": "#FFFFFF1A",
  "height": 92,
  "pivot": 0.5,
  "pivotX": 0.5,
  "pivotY": 0.5,
  "scale": 1,
  "width": 1920,
}
`;
