// Vitest Snapshot v1, https://vitest.dev/guide/snapshot.html

exports[`Badge > renders 1`] = `
{
  "alpha": 1,
  "children": Children [
    "",
    {
      "alpha": 1,
      "color": "#F8F7FAFF",
      "fontSize": 20,
      "pivot": 0.5,
      "pivotX": 0.5,
      "pivotY": 0.5,
      "scale": 1,
      "text": "Hello",
    },
    "",
  ],
  "color": "#181819B3",
  "height": 1080,
  "pivot": 0.5,
  "pivotX": 0.5,
  "pivotY": 0.5,
  "scale": 1,
  "width": 1920,
}
`;
